
> my-v0-project@0.1.0 build
> next build

   Γû▓ Next.js 15.1.0
   - Environments: .env.local

   Creating an optimized production build ...
 Γ£ô Compiled successfully
   Skipping validation of types
   Skipping linting
   Collecting page data ...
   Generating static pages (0/62) ...
   Generating static pages (15/62) 
   Generating static pages (30/62) 
   Generating static pages (46/62) 
 Γ£ô Generating static pages (62/62)
   Finalizing page optimization ...
   Collecting build traces ...

Route (app)                              Size     First Load JS
Γöî Γùï /                                    14 kB           136 kB
Γö£ Γùï /_not-found                          983 B           106 kB
Γö£ ΓùÅ /[serviceSlug]                       197 B           114 kB
Γö£   Γö£ /cleaning-gold-coast
Γö£   Γö£ /house-cleaning-gold-coast
Γö£   Γö£ /bond-cleaning-gold-coast
Γö£   Γöö [+8 more paths]
Γö£ Γùï /about                               197 B           114 kB
Γö£ Γùï /admin                               16.9 kB         291 kB
Γö£ ╞Æ /api/admin/ai-outreach               195 B           106 kB
Γö£ ╞Æ /api/bookings                        195 B           106 kB
Γö£ ╞Æ /api/bookings/[id]                   195 B           106 kB
Γö£ ╞Æ /api/coupons                         195 B           106 kB
Γö£ ╞Æ /api/coupons/[id]                    195 B           106 kB
Γö£ ╞Æ /api/logout                          195 B           106 kB
Γö£ ╞Æ /api/prices                          195 B           106 kB
Γö£ ╞Æ /api/prices/[id]                     195 B           106 kB
Γö£ ╞Æ /api/seed                            195 B           106 kB
Γö£ ╞Æ /api/send-booking                    195 B           106 kB
Γö£ ╞Æ /api/support                         195 B           106 kB
Γö£ ╞Æ /api/testimonials                    195 B           106 kB
Γö£ ╞Æ /api/users                           195 B           106 kB
Γö£ ╞Æ /api/users/[id]                      195 B           106 kB
Γö£ Γùï /blog                                229 B           109 kB
Γö£ Γùï /blog/after-builders-cleaning-guide  229 B           109 kB
Γö£ Γùï /blog/bond-cleaning-checklist        229 B           109 kB
Γö£ Γùï /blog/carpet-cleaning-guide          229 B           109 kB
Γö£ Γùï /blog/cleaning-tips                  229 B           109 kB
Γö£ Γùï /blog/commercial-cleaning-benefits   229 B           109 kB
Γö£ Γùï /blog/deep-cleaning-guide            229 B           109 kB
Γö£ Γùï /blog/eco-friendly                   229 B           109 kB
Γö£ Γùï /blog/end-of-lease-checklist         229 B           109 kB
Γö£ Γùï /blog/how-often-house-cleaning       229 B           109 kB
Γö£ Γùï /blog/mould-prevention-gold-coast    229 B           109 kB
Γö£ Γùï /blog/move-in-cleaning-tips          229 B           109 kB
Γö£ Γùï /blog/move-out-cleaning-mistakes     229 B           109 kB
Γö£ Γùï /blog/office-cleaning                229 B           109 kB
Γö£ Γùï /blog/office-cleaning-schedule       229 B           109 kB
Γö£ Γùï /blog/pest-control-guide             229 B           109 kB
Γö£ Γùï /blog/rental-inspection-tips         229 B           109 kB
Γö£ Γùï /book                                9.79 kB         308 kB
Γö£ Γùï /contact                             12.4 kB         294 kB
Γö£ Γùï /dashboard                           13 kB           305 kB
Γö£ Γùï /gallery                             45.2 kB         171 kB
Γö£ Γùï /locations                           197 B           114 kB
Γö£ ΓùÅ /locations/[slug]                    229 B           109 kB
Γö£   Γö£ /locations/robina
Γö£   Γö£ /locations/southport
Γö£   Γö£ /locations/surfers-paradise
Γö£   Γöö /locations/broadbeach
Γö£ Γùï /login                               6.35 kB         301 kB
Γö£ Γùï /logout                              1.69 kB         245 kB
Γö£ Γùï /register                            5.08 kB         294 kB
Γö£ Γùï /robots.txt                          0 B                0 B
Γö£ Γùï /services                            187 B           114 kB
Γö£ ╞Æ /services/[slug]                     195 B           106 kB
Γö£ Γùï /services/home-cleaning              195 B           106 kB
Γö£ Γùï /sitemap.xml                         0 B                0 B
Γö£ Γùï /team                                197 B           114 kB
Γöö Γùï /testimonials                        9.52 kB         135 kB
+ First Load JS shared by all            105 kB
  Γö£ chunks/1517-70d2ad5ec9492f46.js      50.5 kB
  Γö£ chunks/4bd1b696-bac18b12259ee660.js  52.9 kB
  Γöö other shared chunks (total)          2 kB


╞Æ Middleware                             32.2 kB

Γùï  (Static)   prerendered as static content
ΓùÅ  (SSG)      prerendered as static HTML (uses generateStaticParams)
╞Æ  (Dynamic)  server-rendered on demand

